Archive member included to satisfy reference by file (symbol)

/opt/st/stm32cubeide_1.8.0/plugins/com.st.stm32cube.ide.mcu.externaltools.gnu-tools-for-stm32.9-2020-q2-update.linux64_2.0.0.202105311346/tools/bin/../lib/gcc/arm-none-eabi/9.3.1/../../../../arm-none-eabi/lib/thumb/v7e-m+dp/hard/libc_nano.a(lib_a-errno.o)
                              ./Core/Src/syscalls.o (__errno)
/opt/st/stm32cubeide_1.8.0/plugins/com.st.stm32cube.ide.mcu.externaltools.gnu-tools-for-stm32.9-2020-q2-update.linux64_2.0.0.202105311346/tools/bin/../lib/gcc/arm-none-eabi/9.3.1/../../../../arm-none-eabi/lib/thumb/v7e-m+dp/hard/libc_nano.a(lib_a-exit.o)
                              /opt/st/stm32cubeide_1.8.0/plugins/com.st.stm32cube.ide.mcu.externaltools.gnu-tools-for-stm32.9-2020-q2-update.linux64_2.0.0.202105311346/tools/bin/../lib/gcc/arm-none-eabi/9.3.1/../../../../arm-none-eabi/lib/thumb/v7e-m+dp/hard/crt0.o (exit)
/opt/st/stm32cubeide_1.8.0/plugins/com.st.stm32cube.ide.mcu.externaltools.gnu-tools-for-stm32.9-2020-q2-update.linux64_2.0.0.202105311346/tools/bin/../lib/gcc/arm-none-eabi/9.3.1/../../../../arm-none-eabi/lib/thumb/v7e-m+dp/hard/libc_nano.a(lib_a-impure.o)
                              /opt/st/stm32cubeide_1.8.0/plugins/com.st.stm32cube.ide.mcu.externaltools.gnu-tools-for-stm32.9-2020-q2-update.linux64_2.0.0.202105311346/tools/bin/../lib/gcc/arm-none-eabi/9.3.1/../../../../arm-none-eabi/lib/thumb/v7e-m+dp/hard/libc_nano.a(lib_a-exit.o) (_global_impure_ptr)
/opt/st/stm32cubeide_1.8.0/plugins/com.st.stm32cube.ide.mcu.externaltools.gnu-tools-for-stm32.9-2020-q2-update.linux64_2.0.0.202105311346/tools/bin/../lib/gcc/arm-none-eabi/9.3.1/../../../../arm-none-eabi/lib/thumb/v7e-m+dp/hard/libc_nano.a(lib_a-init.o)
                              /opt/st/stm32cubeide_1.8.0/plugins/com.st.stm32cube.ide.mcu.externaltools.gnu-tools-for-stm32.9-2020-q2-update.linux64_2.0.0.202105311346/tools/bin/../lib/gcc/arm-none-eabi/9.3.1/../../../../arm-none-eabi/lib/thumb/v7e-m+dp/hard/crt0.o (__libc_init_array)
/opt/st/stm32cubeide_1.8.0/plugins/com.st.stm32cube.ide.mcu.externaltools.gnu-tools-for-stm32.9-2020-q2-update.linux64_2.0.0.202105311346/tools/bin/../lib/gcc/arm-none-eabi/9.3.1/../../../../arm-none-eabi/lib/thumb/v7e-m+dp/hard/libc_nano.a(lib_a-memset.o)
                              /opt/st/stm32cubeide_1.8.0/plugins/com.st.stm32cube.ide.mcu.externaltools.gnu-tools-for-stm32.9-2020-q2-update.linux64_2.0.0.202105311346/tools/bin/../lib/gcc/arm-none-eabi/9.3.1/../../../../arm-none-eabi/lib/thumb/v7e-m+dp/hard/crt0.o (memset)

Allocating common symbols
Common symbol       size              file

uwTick              0x4               ./Drivers/STM32H7xx_HAL_Driver/Src/stm32h7xx_hal.o
pFlash              0x1c              ./Drivers/STM32H7xx_HAL_Driver/Src/stm32h7xx_hal_flash.o
hadc1               0x70              ./Core/Src/main.o
hspi1               0x88              ./Core/Src/main.o
htim2               0x4c              ./Core/Src/main.o

Discarded input sections

 .text          0x0000000000000000        0x0 /opt/st/stm32cubeide_1.8.0/plugins/com.st.stm32cube.ide.mcu.externaltools.gnu-tools-for-stm32.9-2020-q2-update.linux64_2.0.0.202105311346/tools/bin/../lib/gcc/arm-none-eabi/9.3.1/thumb/v7e-m+dp/hard/crti.o
 .data          0x0000000000000000        0x0 /opt/st/stm32cubeide_1.8.0/plugins/com.st.stm32cube.ide.mcu.externaltools.gnu-tools-for-stm32.9-2020-q2-update.linux64_2.0.0.202105311346/tools/bin/../lib/gcc/arm-none-eabi/9.3.1/thumb/v7e-m+dp/hard/crti.o
 .bss           0x0000000000000000        0x0 /opt/st/stm32cubeide_1.8.0/plugins/com.st.stm32cube.ide.mcu.externaltools.gnu-tools-for-stm32.9-2020-q2-update.linux64_2.0.0.202105311346/tools/bin/../lib/gcc/arm-none-eabi/9.3.1/thumb/v7e-m+dp/hard/crti.o
 .data          0x0000000000000000        0x4 /opt/st/stm32cubeide_1.8.0/plugins/com.st.stm32cube.ide.mcu.externaltools.gnu-tools-for-stm32.9-2020-q2-update.linux64_2.0.0.202105311346/tools/bin/../lib/gcc/arm-none-eabi/9.3.1/thumb/v7e-m+dp/hard/crtbegin.o
 .text          0x0000000000000000       0x7c /opt/st/stm32cubeide_1.8.0/plugins/com.st.stm32cube.ide.mcu.externaltools.gnu-tools-for-stm32.9-2020-q2-update.linux64_2.0.0.202105311346/tools/bin/../lib/gcc/arm-none-eabi/9.3.1/../../../../arm-none-eabi/lib/thumb/v7e-m+dp/hard/crt0.o
 .data          0x0000000000000000        0x0 /opt/st/stm32cubeide_1.8.0/plugins/com.st.stm32cube.ide.mcu.externaltools.gnu-tools-for-stm32.9-2020-q2-update.linux64_2.0.0.202105311346/tools/bin/../lib/gcc/arm-none-eabi/9.3.1/../../../../arm-none-eabi/lib/thumb/v7e-m+dp/hard/crt0.o
 .bss           0x0000000000000000        0x0 /opt/st/stm32cubeide_1.8.0/plugins/com.st.stm32cube.ide.mcu.externaltools.gnu-tools-for-stm32.9-2020-q2-update.linux64_2.0.0.202105311346/tools/bin/../lib/gcc/arm-none-eabi/9.3.1/../../../../arm-none-eabi/lib/thumb/v7e-m+dp/hard/crt0.o
[...]
Memory Configuration

Name             Origin             Length             Attributes
ITCMRAM          0x0000000000000000 0x0000000000010000 xrw
DTCMRAM          0x0000000020000000 0x0000000000020000 xrw
FLASH            0x0000000008000000 0x0000000000100000 xr
RAM_D1           0x0000000024000000 0x0000000000050000 xrw
RAM_D2           0x0000000030000000 0x0000000000008000 xrw
RAM_D3           0x0000000038000000 0x0000000000004000 xrw
*default*        0x0000000000000000 0xffffffffffffffff

Linker script and memory map

LOAD /opt/st/stm32cubeide_1.8.0/plugins/com.st.stm32cube.ide.mcu.externaltools.gnu-tools-for-stm32.9-2020-q2-update.linux64_2.0.0.202105311346/tools/bin/../lib/gcc/arm-none-eabi/9.3.1/thumb/v7e-m+dp/hard/crti.o
LOAD /opt/st/stm32cubeide_1.8.0/plugins/com.st.stm32cube.ide.mcu.externaltools.gnu-tools-for-stm32.9-2020-q2-update.linux64_2.0.0.202105311346/tools/bin/../lib/gcc/arm-none-eabi/9.3.1/thumb/v7e-m+dp/hard/crtbegin.o
LOAD /opt/st/stm32cubeide_1.8.0/plugins/com.st.stm32cube.ide.mcu.externaltools.gnu-tools-for-stm32.9-2020-q2-update.linux64_2.0.0.202105311346/tools/bin/../lib/gcc/arm-none-eabi/9.3.1/../../../../arm-none-eabi/lib/thumb/v7e-m+dp/hard/crt0.o
LOAD ./Core/Src/main.o
LOAD ./Core/Src/stm32h7xx_hal_msp.o
LOAD ./Core/Src/stm32h7xx_it.o
LOAD ./Core/Src/syscalls.o
LOAD ./Core/Src/sysmem.o
LOAD ./Core/Src/system_stm32h7xx.o
LOAD ./Core/Startup/startup_stm32h723zgtx.o
LOAD ./Drivers/STM32H7xx_HAL_Driver/Src/stm32h7xx_hal.o
LOAD ./Drivers/STM32H7xx_HAL_Driver/Src/stm32h7xx_hal_adc.o
LOAD ./Drivers/STM32H7xx_HAL_Driver/Src/stm32h7xx_hal_adc_ex.o
LOAD ./Drivers/STM32H7xx_HAL_Driver/Src/stm32h7xx_hal_cortex.o
LOAD ./Drivers/STM32H7xx_HAL_Driver/Src/stm32h7xx_hal_dma.o
LOAD ./Drivers/STM32H7xx_HAL_Driver/Src/stm32h7xx_hal_dma_ex.o
LOAD ./Drivers/STM32H7xx_HAL_Driver/Src/stm32h7xx_hal_exti.o
LOAD ./Drivers/STM32H7xx_HAL_Driver/Src/stm32h7xx_hal_flash.o
LOAD ./Drivers/STM32H7xx_HAL_Driver/Src/stm32h7xx_hal_flash_ex.o
LOAD ./Drivers/STM32H7xx_HAL_Driver/Src/stm32h7xx_hal_gpio.o
LOAD ./Drivers/STM32H7xx_HAL_Driver/Src/stm32h7xx_hal_hsem.o
LOAD ./Drivers/STM32H7xx_HAL_Driver/Src/stm32h7xx_hal_i2c.o
LOAD ./Drivers/STM32H7xx_HAL_Driver/Src/stm32h7xx_hal_i2c_ex.o
LOAD ./Drivers/STM32H7xx_HAL_Driver/Src/stm32h7xx_hal_mdma.o
LOAD ./Drivers/STM32H7xx_HAL_Driver/Src/stm32h7xx_hal_pwr.o
LOAD ./Drivers/STM32H7xx_HAL_Driver/Src/stm32h7xx_hal_pwr_ex.o
LOAD ./Drivers/STM32H7xx_HAL_Driver/Src/stm32h7xx_hal_rcc.o
LOAD ./Drivers/STM32H7xx_HAL_Driver/Src/stm32h7xx_hal_rcc_ex.o
LOAD ./Drivers/STM32H7xx_HAL_Driver/Src/stm32h7xx_hal_spi.o
LOAD ./Drivers/STM32H7xx_HAL_Driver/Src/stm32h7xx_hal_spi_ex.o
LOAD ./Drivers/STM32H7xx_HAL_Driver/Src/stm32h7xx_hal_tim.o
LOAD ./Drivers/STM32H7xx_HAL_Driver/Src/stm32h7xx_hal_tim_ex.o
START GROUP
LOAD /opt/st/stm32cubeide_1.8.0/plugins/com.st.stm32cube.ide.mcu.externaltools.gnu-tools-for-stm32.9-2020-q2-update.linux64_2.0.0.202105311346/tools/bin/../lib/gcc/arm-none-eabi/9.3.1/../../../../arm-none-eabi/lib/thumb/v7e-m+dp/hard/libc_nano.a
LOAD /opt/st/stm32cubeide_1.8.0/plugins/com.st.stm32cube.ide.mcu.externaltools.gnu-tools-for-stm32.9-2020-q2-update.linux64_2.0.0.202105311346/tools/bin/../lib/gcc/arm-none-eabi/9.3.1/../../../../arm-none-eabi/lib/thumb/v7e-m+dp/hard/libm.a
END GROUP
START GROUP
LOAD /opt/st/stm32cubeide_1.8.0/plugins/com.st.stm32cube.ide.mcu.externaltools.gnu-tools-for-stm32.9-2020-q2-update.linux64_2.0.0.202105311346/tools/bin/../lib/gcc/arm-none-eabi/9.3.1/thumb/v7e-m+dp/hard/libgcc.a
LOAD /opt/st/stm32cubeide_1.8.0/plugins/com.st.stm32cube.ide.mcu.externaltools.gnu-tools-for-stm32.9-2020-q2-update.linux64_2.0.0.202105311346/tools/bin/../lib/gcc/arm-none-eabi/9.3.1/../../../../arm-none-eabi/lib/thumb/v7e-m+dp/hard/libc_nano.a
END GROUP
START GROUP
LOAD /opt/st/stm32cubeide_1.8.0/plugins/com.st.stm32cube.ide.mcu.externaltools.gnu-tools-for-stm32.9-2020-q2-update.linux64_2.0.0.202105311346/tools/bin/../lib/gcc/arm-none-eabi/9.3.1/thumb/v7e-m+dp/hard/libgcc.a
LOAD /opt/st/stm32cubeide_1.8.0/plugins/com.st.stm32cube.ide.mcu.externaltools.gnu-tools-for-stm32.9-2020-q2-update.linux64_2.0.0.202105311346/tools/bin/../lib/gcc/arm-none-eabi/9.3.1/../../../../arm-none-eabi/lib/thumb/v7e-m+dp/hard/libc_nano.a
LOAD /opt/st/stm32cubeide_1.8.0/plugins/com.st.stm32cube.ide.mcu.externaltools.gnu-tools-for-stm32.9-2020-q2-update.linux64_2.0.0.202105311346/tools/bin/../lib/gcc/arm-none-eabi/9.3.1/../../../../arm-none-eabi/lib/thumb/v7e-m+dp/hard/libnosys.a
END GROUP
START GROUP
LOAD /opt/st/stm32cubeide_1.8.0/plugins/com.st.stm32cube.ide.mcu.externaltools.gnu-tools-for-stm32.9-2020-q2-update.linux64_2.0.0.202105311346/tools/bin/../lib/gcc/arm-none-eabi/9.3.1/thumb/v7e-m+dp/hard/libgcc.a
LOAD /opt/st/stm32cubeide_1.8.0/plugins/com.st.stm32cube.ide.mcu.externaltools.gnu-tools-for-stm32.9-2020-q2-update.linux64_2.0.0.202105311346/tools/bin/../lib/gcc/arm-none-eabi/9.3.1/../../../../arm-none-eabi/lib/thumb/v7e-m+dp/hard/libc_nano.a
LOAD /opt/st/stm32cubeide_1.8.0/plugins/com.st.stm32cube.ide.mcu.externaltools.gnu-tools-for-stm32.9-2020-q2-update.linux64_2.0.0.202105311346/tools/bin/../lib/gcc/arm-none-eabi/9.3.1/../../../../arm-none-eabi/lib/thumb/v7e-m+dp/hard/libnosys.a
END GROUP
LOAD /opt/st/stm32cubeide_1.8.0/plugins/com.st.stm32cube.ide.mcu.externaltools.gnu-tools-for-stm32.9-2020-q2-update.linux64_2.0.0.202105311346/tools/bin/../lib/gcc/arm-none-eabi/9.3.1/thumb/v7e-m+dp/hard/crtend.o
LOAD /opt/st/stm32cubeide_1.8.0/plugins/com.st.stm32cube.ide.mcu.externaltools.gnu-tools-for-stm32.9-2020-q2-update.linux64_2.0.0.202105311346/tools/bin/../lib/gcc/arm-none-eabi/9.3.1/thumb/v7e-m+dp/hard/crtn.o
                0x0000000024050000                _estack = (ORIGIN (RAM_D1) + LENGTH (RAM_D1))
                0x0000000000000200                _Min_Heap_Size = 0x200
                0x0000000000000400                _Min_Stack_Size = 0x400

.isr_vector     0x0000000008000000      0x2cc
                0x0000000008000000                . = ALIGN (0x4)
 *(.isr_vector)
 .isr_vector    0x0000000008000000      0x2cc ./Core/Startup/startup_stm32h723zgtx.o
                0x0000000008000000                g_pfnVectors
                0x00000000080002cc                . = ALIGN (0x4)

.text           0x00000000080002cc     0x7874
                0x00000000080002cc                . = ALIGN (0x4)
 *(.text)
 .text          0x00000000080002cc       0x40 /opt/st/stm32cubeide_1.8.0/plugins/com.st.stm32cube.ide.mcu.externaltools.gnu-tools-for-stm32.9-2020-q2-update.linux64_2.0.0.202105311346/tools/bin/../lib/gcc/arm-none-eabi/9.3.1/thumb/v7e-m+dp/hard/crtbegin.o
 *(.text*)
 .text.main     0x000000000800030c       0xa8 ./Core/Src/main.o
                0x000000000800030c                main
 .text.SystemClock_Config
                0x00000000080003b4       0xf0 ./Core/Src/main.o
                0x00000000080003b4                SystemClock_Config
 .text.MX_ADC1_Init
                0x00000000080004a4       0xf0 ./Core/Src/main.o
 .text.MX_SPI1_Init
                0x0000000008000594       0xac ./Core/Src/main.o
 .text.MX_TIM2_Init
                0x0000000008000640       0xec ./Core/Src/main.o
 .text.MX_GPIO_Init
                0x000000000800072c      0x114 ./Core/Src/main.o
 .text.Error_Handler
                0x0000000008000840        0xa ./Core/Src/main.o
                0x0000000008000840                Error_Handler
 *fill*         0x000000000800084a        0x2 
 .text.HAL_MspInit
                0x000000000800084c       0x34 ./Core/Src/stm32h7xx_hal_msp.o
                0x000000000800084c                HAL_MspInit
 .text.HAL_ADC_MspInit
                0x0000000008000880       0xe0 ./Core/Src/stm32h7xx_hal_msp.o
                0x0000000008000880                HAL_ADC_MspInit
 .text.HAL_SPI_MspInit
                0x0000000008000960      0x114 ./Core/Src/stm32h7xx_hal_msp.o
                0x0000000008000960                HAL_SPI_MspInit
 .text.HAL_TIM_Base_MspInit
                0x0000000008000a74       0x40 ./Core/Src/stm32h7xx_hal_msp.o
                0x0000000008000a74                HAL_TIM_Base_MspInit
 .text.HAL_TIM_MspPostInit
                0x0000000008000ab4       0x70 ./Core/Src/stm32h7xx_hal_msp.o
                0x0000000008000ab4                HAL_TIM_MspPostInit
 .text.NMI_Handler
                0x0000000008000b24        0x6 ./Core/Src/stm32h7xx_it.o
                0x0000000008000b24                NMI_Handler
 .text.HardFault_Handler
                0x0000000008000b2a        0x6 ./Core/Src/stm32h7xx_it.o
                0x0000000008000b2a                HardFault_Handler
 .text.MemManage_Handler
                0x0000000008000b30        0x6 ./Core/Src/stm32h7xx_it.o
                0x0000000008000b30                MemManage_Handler
 .text.BusFault_Handler
                0x0000000008000b36        0x6 ./Core/Src/stm32h7xx_it.o
                0x0000000008000b36                BusFault_Handler
 .text.UsageFault_Handler
                0x0000000008000b3c        0x6 ./Core/Src/stm32h7xx_it.o
                0x0000000008000b3c                UsageFault_Handler
 .text.SVC_Handler
                0x0000000008000b42        0xe ./Core/Src/stm32h7xx_it.o
                0x0000000008000b42                SVC_Handler
 .text.DebugMon_Handler
                0x0000000008000b50        0xe ./Core/Src/stm32h7xx_it.o
                0x0000000008000b50                DebugMon_Handler
 .text.PendSV_Handler
                0x0000000008000b5e        0xe ./Core/Src/stm32h7xx_it.o
                0x0000000008000b5e                PendSV_Handler
 .text.SysTick_Handler
                0x0000000008000b6c        0xc ./Core/Src/stm32h7xx_it.o
                0x0000000008000b6c                SysTick_Handler
 .text.SystemInit
                0x0000000008000b78       0xf0 ./Core/Src/system_stm32h7xx.o
                0x0000000008000b78                SystemInit
 .text.Reset_Handler
                0x0000000008000c68       0x50 ./Core/Startup/startup_stm32h723zgtx.o
                0x0000000008000c68                Reset_Handler
 .text.Default_Handler
                0x0000000008000cb8        0x2 ./Core/Startup/startup_stm32h723zgtx.o
                0x0000000008000cb8                RTC_Alarm_IRQHandler
                0x0000000008000cb8                EXTI2_IRQHandler
                0x0000000008000cb8                TIM8_CC_IRQHandler
                0x0000000008000cb8                UART8_IRQHandler
                0x0000000008000cb8                SPI4_IRQHandler
                0x0000000008000cb8                FDCAN3_IT0_IRQHandler
                0x0000000008000cb8                TIM1_CC_IRQHandler
                0x0000000008000cb8                BDMA_Channel6_IRQHandler
                0x0000000008000cb8                DMA2_Stream5_IRQHandler
                0x0000000008000cb8                DMA1_Stream5_IRQHandler
                0x0000000008000cb8                CORDIC_IRQHandler
                0x0000000008000cb8                BDMA_Channel1_IRQHandler
                0x0000000008000cb8                TAMP_STAMP_IRQHandler
                0x0000000008000cb8                EXTI3_IRQHandler
                0x0000000008000cb8                LPTIM4_IRQHandler
                0x0000000008000cb8                TIM8_TRG_COM_TIM14_IRQHandler
                0x0000000008000cb8                LPTIM2_IRQHandler
                0x0000000008000cb8                DFSDM1_FLT1_IRQHandler
                0x0000000008000cb8                DMAMUX2_OVR_IRQHandler
                0x0000000008000cb8                TIM8_UP_TIM13_IRQHandler
                0x0000000008000cb8                I2C3_ER_IRQHandler
                0x0000000008000cb8                DFSDM1_FLT2_IRQHandler
                0x0000000008000cb8                I2C5_EV_IRQHandler
                0x0000000008000cb8                USART10_IRQHandler
                0x0000000008000cb8                MDMA_IRQHandler
                0x0000000008000cb8                LPTIM3_IRQHandler
                0x0000000008000cb8                HSEM1_IRQHandler
                0x0000000008000cb8                EXTI0_IRQHandler
                0x0000000008000cb8                I2C2_EV_IRQHandler
                0x0000000008000cb8                DMA1_Stream2_IRQHandler
                0x0000000008000cb8                FPU_IRQHandler
                0x0000000008000cb8                OTG_HS_WKUP_IRQHandler
                0x0000000008000cb8                FDCAN1_IT1_IRQHandler
                0x0000000008000cb8                LTDC_ER_IRQHandler
                0x0000000008000cb8                DMA2_Stream2_IRQHandler
                0x0000000008000cb8                SPI1_IRQHandler
                0x0000000008000cb8                OCTOSPI1_IRQHandler
                0x0000000008000cb8                TIM6_DAC_IRQHandler
                0x0000000008000cb8                DMA2_Stream3_IRQHandler
                0x0000000008000cb8                OCTOSPI2_IRQHandler
                0x0000000008000cb8                DFSDM1_FLT3_IRQHandler
                0x0000000008000cb8                TIM23_IRQHandler
                0x0000000008000cb8                USART6_IRQHandler
                0x0000000008000cb8                TIM17_IRQHandler
                0x0000000008000cb8                USART3_IRQHandler
                0x0000000008000cb8                BDMA_Channel7_IRQHandler
                0x0000000008000cb8                LPTIM5_IRQHandler
                0x0000000008000cb8                UART5_IRQHandler
                0x0000000008000cb8                ADC3_IRQHandler
                0x0000000008000cb8                DMA2_Stream0_IRQHandler
                0x0000000008000cb8                TIM4_IRQHandler
                0x0000000008000cb8                BDMA_Channel2_IRQHandler
                0x0000000008000cb8                I2C1_EV_IRQHandler
                0x0000000008000cb8                DMA1_Stream6_IRQHandler
                0x0000000008000cb8                DMAMUX1_OVR_IRQHandler
                0x0000000008000cb8                DMA1_Stream1_IRQHandler
                0x0000000008000cb8                TIM16_IRQHandler
                0x0000000008000cb8                UART4_IRQHandler
                0x0000000008000cb8                BDMA_Channel5_IRQHandler
                0x0000000008000cb8                TIM3_IRQHandler
                0x0000000008000cb8                RCC_IRQHandler
                0x0000000008000cb8                UART9_IRQHandler
                0x0000000008000cb8                TIM8_BRK_TIM12_IRQHandler
                0x0000000008000cb8                TIM1_TRG_COM_IRQHandler
                0x0000000008000cb8                Default_Handler
                0x0000000008000cb8                ECC_IRQHandler
                0x0000000008000cb8                FMAC_IRQHandler
                0x0000000008000cb8                CEC_IRQHandler
                0x0000000008000cb8                EXTI15_10_IRQHandler
                0x0000000008000cb8                BDMA_Channel0_IRQHandler
                0x0000000008000cb8                ADC_IRQHandler
                0x0000000008000cb8                I2C5_ER_IRQHandler
                0x0000000008000cb8                DMA1_Stream7_IRQHandler
                0x0000000008000cb8                SPI5_IRQHandler
                0x0000000008000cb8                TIM7_IRQHandler
                0x0000000008000cb8                FDCAN3_IT1_IRQHandler
                0x0000000008000cb8                SDMMC1_IRQHandler
                0x0000000008000cb8                TIM5_IRQHandler
                0x0000000008000cb8                DMA2_Stream7_IRQHandler
                0x0000000008000cb8                TIM15_IRQHandler
                0x0000000008000cb8                PVD_AVD_IRQHandler
                0x0000000008000cb8                I2C3_EV_IRQHandler
                0x0000000008000cb8                EXTI9_5_IRQHandler
                0x0000000008000cb8                RTC_WKUP_IRQHandler
                0x0000000008000cb8                LTDC_IRQHandler
                0x0000000008000cb8                ETH_WKUP_IRQHandler
                0x0000000008000cb8                SPDIF_RX_IRQHandler
                0x0000000008000cb8                SPI2_IRQHandler
                0x0000000008000cb8                OTG_HS_EP1_IN_IRQHandler
                0x0000000008000cb8                DMA1_Stream0_IRQHandler
                0x0000000008000cb8                TIM24_IRQHandler
                0x0000000008000cb8                CRS_IRQHandler
                0x0000000008000cb8                EXTI4_IRQHandler
                0x0000000008000cb8                RNG_IRQHandler
                0x0000000008000cb8                FDCAN2_IT1_IRQHandler
                0x0000000008000cb8                ETH_IRQHandler
                0x0000000008000cb8                TIM1_UP_IRQHandler
                0x0000000008000cb8                BDMA_Channel4_IRQHandler
                0x0000000008000cb8                OTG_HS_EP1_OUT_IRQHandler
                0x0000000008000cb8                WWDG_IRQHandler
                0x0000000008000cb8                SPI6_IRQHandler
                0x0000000008000cb8                MDIOS_IRQHandler
                0x0000000008000cb8                I2C4_EV_IRQHandler
                0x0000000008000cb8                FDCAN2_IT0_IRQHandler
                0x0000000008000cb8                LPUART1_IRQHandler
                0x0000000008000cb8                FDCAN1_IT0_IRQHandler
                0x0000000008000cb8                TIM2_IRQHandler
                0x0000000008000cb8                OTG_HS_IRQHandler
                0x0000000008000cb8                DMA2D_IRQHandler
                0x0000000008000cb8                TIM1_BRK_IRQHandler
                0x0000000008000cb8                EXTI1_IRQHandler
                0x0000000008000cb8                SDMMC2_IRQHandler
                0x0000000008000cb8                BDMA_Channel3_IRQHandler
                0x0000000008000cb8                DTS_IRQHandler
                0x0000000008000cb8                UART7_IRQHandler
                0x0000000008000cb8                MDIOS_WKUP_IRQHandler
                0x0000000008000cb8                USART2_IRQHandler
                0x0000000008000cb8                DFSDM1_FLT0_IRQHandler
                0x0000000008000cb8                SAI4_IRQHandler
                0x0000000008000cb8                I2C2_ER_IRQHandler
                0x0000000008000cb8                DMA2_Stream1_IRQHandler
                0x0000000008000cb8                FLASH_IRQHandler
                0x0000000008000cb8                DMA2_Stream4_IRQHandler
                0x0000000008000cb8                USART1_IRQHandler
                0x0000000008000cb8                SPI3_IRQHandler
                0x0000000008000cb8                WAKEUP_PIN_IRQHandler
                0x0000000008000cb8                DMA1_Stream4_IRQHandler
                0x0000000008000cb8                I2C1_ER_IRQHandler
                0x0000000008000cb8                FMC_IRQHandler
                0x0000000008000cb8                FDCAN_CAL_IRQHandler
                0x0000000008000cb8                SWPMI1_IRQHandler
                0x0000000008000cb8                COMP1_IRQHandler
                0x0000000008000cb8                LPTIM1_IRQHandler
                0x0000000008000cb8                DCMI_PSSI_IRQHandler
                0x0000000008000cb8                I2C4_ER_IRQHandler
                0x0000000008000cb8                DMA2_Stream6_IRQHandler
                0x0000000008000cb8                SAI1_IRQHandler
                0x0000000008000cb8                DMA1_Stream3_IRQHandler
 *fill*         0x0000000008000cba        0x2 
 .text.HAL_Init
                0x0000000008000cbc       0x78 ./Drivers/STM32H7xx_HAL_Driver/Src/stm32h7xx_hal.o
                0x0000000008000cbc                HAL_Init
 .text.HAL_InitTick
                0x0000000008000d34       0x6c ./Drivers/STM32H7xx_HAL_Driver/Src/stm32h7xx_hal.o
                0x0000000008000d34                HAL_InitTick
 .text.HAL_IncTick
                0x0000000008000da0       0x28 ./Drivers/STM32H7xx_HAL_Driver/Src/stm32h7xx_hal.o
                0x0000000008000da0                HAL_IncTick
 .text.HAL_GetTick
                0x0000000008000dc8       0x18 ./Drivers/STM32H7xx_HAL_Driver/Src/stm32h7xx_hal.o
                0x0000000008000dc8                HAL_GetTick
 .text.HAL_Delay
                0x0000000008000de0       0x48 ./Drivers/STM32H7xx_HAL_Driver/Src/stm32h7xx_hal.o
                0x0000000008000de0                HAL_Delay
 .text.LL_ADC_SetCommonClock
                0x0000000008000e28       0x26 ./Drivers/STM32H7xx_HAL_Driver/Src/stm32h7xx_hal_adc.o
 .text.LL_ADC_SetCommonPathInternalCh
                0x0000000008000e4e       0x26 ./Drivers/STM32H7xx_HAL_Driver/Src/stm32h7xx_hal_adc.o
 .text.LL_ADC_GetCommonPathInternalCh
                0x0000000008000e74       0x1c ./Drivers/STM32H7xx_HAL_Driver/Src/stm32h7xx_hal_adc.o
 .text.LL_ADC_SetOffset
                0x0000000008000e90       0x64 ./Drivers/STM32H7xx_HAL_Driver/Src/stm32h7xx_hal_adc.o
 .text.LL_ADC_GetOffsetChannel
                0x0000000008000ef4       0x2c ./Drivers/STM32H7xx_HAL_Driver/Src/stm32h7xx_hal_adc.o
 .text.LL_ADC_SetDataRightShift
                0x0000000008000f20       0x32 ./Drivers/STM32H7xx_HAL_Driver/Src/stm32h7xx_hal_adc.o
 *fill*         0x0000000008000f52        0x2 
 .text.LL_ADC_SetOffsetSignedSaturation
                0x0000000008000f54       0x44 ./Drivers/STM32H7xx_HAL_Driver/Src/stm32h7xx_hal_adc.o
 .text.LL_ADC_SetOffsetSaturation
                0x0000000008000f98       0x44 ./Drivers/STM32H7xx_HAL_Driver/Src/stm32h7xx_hal_adc.o
 .text.LL_ADC_SetOffsetSign
                0x0000000008000fdc       0x44 ./Drivers/STM32H7xx_HAL_Driver/Src/stm32h7xx_hal_adc.o
 .text.LL_ADC_SetOffsetState
                0x0000000008001020       0x54 ./Drivers/STM32H7xx_HAL_Driver/Src/stm32h7xx_hal_adc.o
 .text.LL_ADC_REG_IsTriggerSourceSWStart
                0x0000000008001074       0x26 ./Drivers/STM32H7xx_HAL_Driver/Src/stm32h7xx_hal_adc.o
 .text.LL_ADC_REG_SetSequencerRanks
                0x000000000800109a       0x58 ./Drivers/STM32H7xx_HAL_Driver/Src/stm32h7xx_hal_adc.o
 .text.LL_ADC_SetChannelSamplingTime
                0x00000000080010f2       0x56 ./Drivers/STM32H7xx_HAL_Driver/Src/stm32h7xx_hal_adc.o
 .text.LL_ADC_SetChannelSingleDiff
                0x0000000008001148       0x80 ./Drivers/STM32H7xx_HAL_Driver/Src/stm32h7xx_hal_adc.o
 .text.LL_ADC_GetMultimode
                0x00000000080011c8       0x1c ./Drivers/STM32H7xx_HAL_Driver/Src/stm32h7xx_hal_adc.o
 .text.LL_ADC_GetMultiDMATransfer
                0x00000000080011e4       0x1c ./Drivers/STM32H7xx_HAL_Driver/Src/stm32h7xx_hal_adc.o
 .text.LL_ADC_DisableDeepPowerDown
                0x0000000008001200       0x24 ./Drivers/STM32H7xx_HAL_Driver/Src/stm32h7xx_hal_adc.o
 .text.LL_ADC_IsDeepPowerDownEnabled
                0x0000000008001224       0x28 ./Drivers/STM32H7xx_HAL_Driver/Src/stm32h7xx_hal_adc.o
 .text.LL_ADC_EnableInternalRegulator
                0x000000000800124c       0x28 ./Drivers/STM32H7xx_HAL_Driver/Src/stm32h7xx_hal_adc.o
 .text.LL_ADC_IsInternalRegulatorEnabled
                0x0000000008001274       0x28 ./Drivers/STM32H7xx_HAL_Driver/Src/stm32h7xx_hal_adc.o
 .text.LL_ADC_Enable
                0x000000000800129c       0x28 ./Drivers/STM32H7xx_HAL_Driver/Src/stm32h7xx_hal_adc.o
 .text.LL_ADC_Disable
                0x00000000080012c4       0x28 ./Drivers/STM32H7xx_HAL_Driver/Src/stm32h7xx_hal_adc.o
 .text.LL_ADC_IsEnabled
                0x00000000080012ec       0x26 ./Drivers/STM32H7xx_HAL_Driver/Src/stm32h7xx_hal_adc.o
 .text.LL_ADC_IsDisableOngoing
                0x0000000008001312       0x26 ./Drivers/STM32H7xx_HAL_Driver/Src/stm32h7xx_hal_adc.o
 .text.LL_ADC_REG_StartConversion
                0x0000000008001338       0x28 ./Drivers/STM32H7xx_HAL_Driver/Src/stm32h7xx_hal_adc.o
 .text.LL_ADC_REG_IsConversionOngoing
                0x0000000008001360       0x26 ./Drivers/STM32H7xx_HAL_Driver/Src/stm32h7xx_hal_adc.o
 .text.LL_ADC_INJ_IsConversionOngoing
                0x0000000008001386       0x26 ./Drivers/STM32H7xx_HAL_Driver/Src/stm32h7xx_hal_adc.o
 .text.HAL_ADC_Init
                0x00000000080013ac      0x410 ./Drivers/STM32H7xx_HAL_Driver/Src/stm32h7xx_hal_adc.o
                0x00000000080013ac                HAL_ADC_Init
 .text.HAL_ADC_Start
                0x00000000080017bc      0x194 ./Drivers/STM32H7xx_HAL_Driver/Src/stm32h7xx_hal_adc.o
                0x00000000080017bc                HAL_ADC_Start
 .text.HAL_ADC_PollForConversion
                0x0000000008001950      0x1e8 ./Drivers/STM32H7xx_HAL_Driver/Src/stm32h7xx_hal_adc.o
                0x0000000008001950                HAL_ADC_PollForConversion
 .text.HAL_ADC_GetValue
                0x0000000008001b38       0x1a ./Drivers/STM32H7xx_HAL_Driver/Src/stm32h7xx_hal_adc.o
                0x0000000008001b38                HAL_ADC_GetValue
 *fill*         0x0000000008001b52        0x2 
 .text.HAL_ADC_ConfigChannel
                0x0000000008001b54      0xa58 ./Drivers/STM32H7xx_HAL_Driver/Src/stm32h7xx_hal_adc.o
                0x0000000008001b54                HAL_ADC_ConfigChannel
 .text.ADC_Enable
                0x00000000080025ac      0x114 ./Drivers/STM32H7xx_HAL_Driver/Src/stm32h7xx_hal_adc.o
                0x00000000080025ac                ADC_Enable
 .text.ADC_Disable
                0x00000000080026c0       0xbe ./Drivers/STM32H7xx_HAL_Driver/Src/stm32h7xx_hal_adc.o
                0x00000000080026c0                ADC_Disable
 *fill*         0x000000000800277e        0x2 
 .text.ADC_ConfigureBoostMode
                0x0000000008002780      0x1d8 ./Drivers/STM32H7xx_HAL_Driver/Src/stm32h7xx_hal_adc.o
                0x0000000008002780                ADC_ConfigureBoostMode
 .text.LL_ADC_IsEnabled
                0x0000000008002958       0x26 ./Drivers/STM32H7xx_HAL_Driver/Src/stm32h7xx_hal_adc_ex.o
 *fill*         0x000000000800297e        0x2 
 .text.LL_ADC_StartCalibration
                0x0000000008002980       0x3c ./Drivers/STM32H7xx_HAL_Driver/Src/stm32h7xx_hal_adc_ex.o
 .text.LL_ADC_IsCalibrationOnGoing
                0x00000000080029bc       0x28 ./Drivers/STM32H7xx_HAL_Driver/Src/stm32h7xx_hal_adc_ex.o
 .text.LL_ADC_REG_IsConversionOngoing
                0x00000000080029e4       0x26 ./Drivers/STM32H7xx_HAL_Driver/Src/stm32h7xx_hal_adc_ex.o
 *fill*         0x0000000008002a0a        0x2 
 .text.HAL_ADCEx_Calibration_Start
                0x0000000008002a0c       0xc8 ./Drivers/STM32H7xx_HAL_Driver/Src/stm32h7xx_hal_adc_ex.o
                0x0000000008002a0c                HAL_ADCEx_Calibration_Start
 .text.HAL_ADCEx_MultiModeConfigChannel
                0x0000000008002ad4      0x1c4 ./Drivers/STM32H7xx_HAL_Driver/Src/stm32h7xx_hal_adc_ex.o
                0x0000000008002ad4                HAL_ADCEx_MultiModeConfigChannel
 .text.__NVIC_SetPriorityGrouping
                0x0000000008002c98       0x48 ./Drivers/STM32H7xx_HAL_Driver/Src/stm32h7xx_hal_cortex.o
 .text.__NVIC_GetPriorityGrouping
                0x0000000008002ce0       0x1c ./Drivers/STM32H7xx_HAL_Driver/Src/stm32h7xx_hal_cortex.o
 .text.__NVIC_SetPriority
                0x0000000008002cfc       0x54 ./Drivers/STM32H7xx_HAL_Driver/Src/stm32h7xx_hal_cortex.o
 .text.NVIC_EncodePriority
                0x0000000008002d50       0x66 ./Drivers/STM32H7xx_HAL_Driver/Src/stm32h7xx_hal_cortex.o
 *fill*         0x0000000008002db6        0x2 
 .text.SysTick_Config
                0x0000000008002db8       0x44 ./Drivers/STM32H7xx_HAL_Driver/Src/stm32h7xx_hal_cortex.o
 .text.HAL_NVIC_SetPriorityGrouping
                0x0000000008002dfc       0x16 ./Drivers/STM32H7xx_HAL_Driver/Src/stm32h7xx_hal_cortex.o
                0x0000000008002dfc                HAL_NVIC_SetPriorityGrouping
 .text.HAL_NVIC_SetPriority
                0x0000000008002e12       0x34 ./Drivers/STM32H7xx_HAL_Driver/Src/stm32h7xx_hal_cortex.o
                0x0000000008002e12                HAL_NVIC_SetPriority
 .text.HAL_SYSTICK_Config
                0x0000000008002e46       0x18 ./Drivers/STM32H7xx_HAL_Driver/Src/stm32h7xx_hal_cortex.o
                0x0000000008002e46                HAL_SYSTICK_Config
 *fill*         0x0000000008002e5e        0x2 
 .text.HAL_GPIO_Init
                0x0000000008002e60      0x350 ./Drivers/STM32H7xx_HAL_Driver/Src/stm32h7xx_hal_gpio.o
                0x0000000008002e60                HAL_GPIO_Init
 .text.HAL_GPIO_WritePin
                0x00000000080031b0       0x32 ./Drivers/STM32H7xx_HAL_Driver/Src/stm32h7xx_hal_gpio.o
                0x00000000080031b0                HAL_GPIO_WritePin
 *fill*         0x00000000080031e2        0x2 
 .text.HAL_PWREx_ConfigSupply
                0x00000000080031e4       0x74 ./Drivers/STM32H7xx_HAL_Driver/Src/stm32h7xx_hal_pwr_ex.o
                0x00000000080031e4                HAL_PWREx_ConfigSupply
 .text.HAL_RCC_OscConfig
                0x0000000008003258      0x758 ./Drivers/STM32H7xx_HAL_Driver/Src/stm32h7xx_hal_rcc.o
                0x0000000008003258                HAL_RCC_OscConfig
 .text.HAL_RCC_ClockConfig
                0x00000000080039b0      0x36c ./Drivers/STM32H7xx_HAL_Driver/Src/stm32h7xx_hal_rcc.o
                0x00000000080039b0                HAL_RCC_ClockConfig
 .text.HAL_RCC_GetSysClockFreq
                0x0000000008003d1c      0x2f4 ./Drivers/STM32H7xx_HAL_Driver/Src/stm32h7xx_hal_rcc.o
                0x0000000008003d1c                HAL_RCC_GetSysClockFreq
 .text.HAL_RCC_GetHCLKFreq
                0x0000000008004010       0x60 ./Drivers/STM32H7xx_HAL_Driver/Src/stm32h7xx_hal_rcc.o
                0x0000000008004010                HAL_RCC_GetHCLKFreq
 .text.HAL_RCCEx_PeriphCLKConfig
                0x0000000008004070      0xdf4 ./Drivers/STM32H7xx_HAL_Driver/Src/stm32h7xx_hal_rcc_ex.o
                0x0000000008004070                HAL_RCCEx_PeriphCLKConfig
 .text.HAL_RCCEx_GetPeriphCLKFreq
                0x0000000008004e64      0x848 ./Drivers/STM32H7xx_HAL_Driver/Src/stm32h7xx_hal_rcc_ex.o
                0x0000000008004e64                HAL_RCCEx_GetPeriphCLKFreq
 .text.HAL_RCCEx_GetD3PCLK1Freq
                0x00000000080056ac       0x2c ./Drivers/STM32H7xx_HAL_Driver/Src/stm32h7xx_hal_rcc_ex.o
                0x00000000080056ac                HAL_RCCEx_GetD3PCLK1Freq
 .text.HAL_RCCEx_GetPLL2ClockFreq
                0x00000000080056d8      0x2a8 ./Drivers/STM32H7xx_HAL_Driver/Src/stm32h7xx_hal_rcc_ex.o
                0x00000000080056d8                HAL_RCCEx_GetPLL2ClockFreq
 .text.HAL_RCCEx_GetPLL3ClockFreq
                0x0000000008005980      0x2a8 ./Drivers/STM32H7xx_HAL_Driver/Src/stm32h7xx_hal_rcc_ex.o
                0x0000000008005980                HAL_RCCEx_GetPLL3ClockFreq
 .text.HAL_RCCEx_GetPLL1ClockFreq
                0x0000000008005c28      0x2a4 ./Drivers/STM32H7xx_HAL_Driver/Src/stm32h7xx_hal_rcc_ex.o
                0x0000000008005c28                HAL_RCCEx_GetPLL1ClockFreq
 .text.RCCEx_PLL2_Config
                0x0000000008005ecc      0x164 ./Drivers/STM32H7xx_HAL_Driver/Src/stm32h7xx_hal_rcc_ex.o
 .text.RCCEx_PLL3_Config
                0x0000000008006030      0x164 ./Drivers/STM32H7xx_HAL_Driver/Src/stm32h7xx_hal_rcc_ex.o
 .text.HAL_SPI_Init
                0x0000000008006194      0x20c ./Drivers/STM32H7xx_HAL_Driver/Src/stm32h7xx_hal_spi.o
                0x0000000008006194                HAL_SPI_Init
 .text.HAL_SPI_Transmit
                0x00000000080063a0      0x3e4 ./Drivers/STM32H7xx_HAL_Driver/Src/stm32h7xx_hal_spi.o
                0x00000000080063a0                HAL_SPI_Transmit
 .text.SPI_CloseTransfer
                0x0000000008006784      0x140 ./Drivers/STM32H7xx_HAL_Driver/Src/stm32h7xx_hal_spi.o
 .text.SPI_WaitOnFlagUntilTimeout
                0x00000000080068c4       0x5c ./Drivers/STM32H7xx_HAL_Driver/Src/stm32h7xx_hal_spi.o
 .text.SPI_GetPacketSize
                0x0000000008006920       0x36 ./Drivers/STM32H7xx_HAL_Driver/Src/stm32h7xx_hal_spi.o
 .text.HAL_TIM_Base_Init
                0x0000000008006956       0xae ./Drivers/STM32H7xx_HAL_Driver/Src/stm32h7xx_hal_tim.o
                0x0000000008006956                HAL_TIM_Base_Init
 .text.HAL_TIM_PWM_Init
                0x0000000008006a04       0xae ./Drivers/STM32H7xx_HAL_Driver/Src/stm32h7xx_hal_tim.o
                0x0000000008006a04                HAL_TIM_PWM_Init
 .text.HAL_TIM_PWM_MspInit
                0x0000000008006ab2       0x14 ./Drivers/STM32H7xx_HAL_Driver/Src/stm32h7xx_hal_tim.o
                0x0000000008006ab2                HAL_TIM_PWM_MspInit
 *fill*         0x0000000008006ac6        0x2 
 .text.HAL_TIM_PWM_Start
                0x0000000008006ac8      0x238 ./Drivers/STM32H7xx_HAL_Driver/Src/stm32h7xx_hal_tim.o
                0x0000000008006ac8                HAL_TIM_PWM_Start
 .text.HAL_TIM_PWM_ConfigChannel
                0x0000000008006d00      0x228 ./Drivers/STM32H7xx_HAL_Driver/Src/stm32h7xx_hal_tim.o
                0x0000000008006d00                HAL_TIM_PWM_ConfigChannel
 .text.HAL_TIM_ConfigClockSource
                0x0000000008006f28      0x1f0 ./Drivers/STM32H7xx_HAL_Driver/Src/stm32h7xx_hal_tim.o
                0x0000000008006f28                HAL_TIM_ConfigClockSource
 .text.TIM_Base_SetConfig
                0x0000000008007118      0x14c ./Drivers/STM32H7xx_HAL_Driver/Src/stm32h7xx_hal_tim.o
                0x0000000008007118                TIM_Base_SetConfig
 .text.TIM_OC1_SetConfig
                0x0000000008007264      0x120 ./Drivers/STM32H7xx_HAL_Driver/Src/stm32h7xx_hal_tim.o
 .text.TIM_OC2_SetConfig
                0x0000000008007384      0x114 ./Drivers/STM32H7xx_HAL_Driver/Src/stm32h7xx_hal_tim.o
                0x0000000008007384                TIM_OC2_SetConfig
 .text.TIM_OC3_SetConfig
                0x0000000008007498      0x110 ./Drivers/STM32H7xx_HAL_Driver/Src/stm32h7xx_hal_tim.o
 .text.TIM_OC4_SetConfig
                0x00000000080075a8       0xd4 ./Drivers/STM32H7xx_HAL_Driver/Src/stm32h7xx_hal_tim.o
 .text.TIM_OC5_SetConfig
                0x000000000800767c       0xc8 ./Drivers/STM32H7xx_HAL_Driver/Src/stm32h7xx_hal_tim.o
 .text.TIM_OC6_SetConfig
                0x0000000008007744       0xcc ./Drivers/STM32H7xx_HAL_Driver/Src/stm32h7xx_hal_tim.o
 .text.TIM_TI1_ConfigInputStage
                0x0000000008007810       0x5e ./Drivers/STM32H7xx_HAL_Driver/Src/stm32h7xx_hal_tim.o
 .text.TIM_TI2_ConfigInputStage
                0x000000000800786e       0x60 ./Drivers/STM32H7xx_HAL_Driver/Src/stm32h7xx_hal_tim.o
 *fill*         0x00000000080078ce        0x2 
 .text.TIM_ITRx_SetConfig
                0x00000000080078d0       0x3c ./Drivers/STM32H7xx_HAL_Driver/Src/stm32h7xx_hal_tim.o
 .text.TIM_ETR_SetConfig
                0x000000000800790c       0x40 ./Drivers/STM32H7xx_HAL_Driver/Src/stm32h7xx_hal_tim.o
                0x000000000800790c                TIM_ETR_SetConfig
 .text.TIM_CCxChannelCmd
                0x000000000800794c       0x4a ./Drivers/STM32H7xx_HAL_Driver/Src/stm32h7xx_hal_tim.o
                0x000000000800794c                TIM_CCxChannelCmd
 *fill*         0x0000000008007996        0x2 
 .text.HAL_TIMEx_MasterConfigSynchronization
                0x0000000008007998      0x138 ./Drivers/STM32H7xx_HAL_Driver/Src/stm32h7xx_hal_tim_ex.o
                0x0000000008007998                HAL_TIMEx_MasterConfigSynchronization
 .text.__libc_init_array
                0x0000000008007ad0       0x48 /opt/st/stm32cubeide_1.8.0/plugins/com.st.stm32cube.ide.mcu.externaltools.gnu-tools-for-stm32.9-2020-q2-update.linux64_2.0.0.202105311346/tools/bin/../lib/gcc/arm-none-eabi/9.3.1/../../../../arm-none-eabi/lib/thumb/v7e-m+dp/hard/libc_nano.a(lib_a-init.o)
                0x0000000008007ad0                __libc_init_array
 .text.memset   0x0000000008007b18       0x10 /opt/st/stm32cubeide_1.8.0/plugins/com.st.stm32cube.ide.mcu.externaltools.gnu-tools-for-stm32.9-2020-q2-update.linux64_2.0.0.202105311346/tools/bin/../lib/gcc/arm-none-eabi/9.3.1/../../../../arm-none-eabi/lib/thumb/v7e-m+dp/hard/libc_nano.a(lib_a-memset.o)
                0x0000000008007b18                memset
 *(.glue_7)
 .glue_7        0x0000000008007b28        0x0 linker stubs
 *(.glue_7t)
 .glue_7t       0x0000000008007b28        0x0 linker stubs
 *(.eh_frame)
 .eh_frame      0x0000000008007b28        0x0 /opt/st/stm32cubeide_1.8.0/plugins/com.st.stm32cube.ide.mcu.externaltools.gnu-tools-for-stm32.9-2020-q2-update.linux64_2.0.0.202105311346/tools/bin/../lib/gcc/arm-none-eabi/9.3.1/thumb/v7e-m+dp/hard/crtbegin.o
 *(.init)
 .init          0x0000000008007b28        0x4 /opt/st/stm32cubeide_1.8.0/plugins/com.st.stm32cube.ide.mcu.externaltools.gnu-tools-for-stm32.9-2020-q2-update.linux64_2.0.0.202105311346/tools/bin/../lib/gcc/arm-none-eabi/9.3.1/thumb/v7e-m+dp/hard/crti.o
                0x0000000008007b28                _init
 .init          0x0000000008007b2c        0x8 /opt/st/stm32cubeide_1.8.0/plugins/com.st.stm32cube.ide.mcu.externaltools.gnu-tools-for-stm32.9-2020-q2-update.linux64_2.0.0.202105311346/tools/bin/../lib/gcc/arm-none-eabi/9.3.1/thumb/v7e-m+dp/hard/crtn.o
 *(.fini)
 .fini          0x0000000008007b34        0x4 /opt/st/stm32cubeide_1.8.0/plugins/com.st.stm32cube.ide.mcu.externaltools.gnu-tools-for-stm32.9-2020-q2-update.linux64_2.0.0.202105311346/tools/bin/../lib/gcc/arm-none-eabi/9.3.1/thumb/v7e-m+dp/hard/crti.o
                0x0000000008007b34                _fini
 .fini          0x0000000008007b38        0x8 /opt/st/stm32cubeide_1.8.0/plugins/com.st.stm32cube.ide.mcu.externaltools.gnu-tools-for-stm32.9-2020-q2-update.linux64_2.0.0.202105311346/tools/bin/../lib/gcc/arm-none-eabi/9.3.1/thumb/v7e-m+dp/hard/crtn.o
                0x0000000008007b40                . = ALIGN (0x4)
                0x0000000008007b40                _etext = .

.vfp11_veneer   0x0000000008007b40        0x0
 .vfp11_veneer  0x0000000008007b40        0x0 linker stubs

.v4_bx          0x0000000008007b40        0x0
 .v4_bx         0x0000000008007b40        0x0 linker stubs

.iplt           0x0000000008007b40        0x0
 .iplt          0x0000000008007b40        0x0 /opt/st/stm32cubeide_1.8.0/plugins/com.st.stm32cube.ide.mcu.externaltools.gnu-tools-for-stm32.9-2020-q2-update.linux64_2.0.0.202105311346/tools/bin/../lib/gcc/arm-none-eabi/9.3.1/thumb/v7e-m+dp/hard/crtbegin.o

.rodata         0x0000000008007b40       0x10
                0x0000000008007b40                . = ALIGN (0x4)
 *(.rodata)
 *(.rodata*)
 .rodata.D1CorePrescTable
                0x0000000008007b40       0x10 ./Core/Src/system_stm32h7xx.o
                0x0000000008007b40                D1CorePrescTable
                0x0000000008007b50                . = ALIGN (0x4)

.rel.dyn        0x0000000008007b50        0x0
 .rel.iplt      0x0000000008007b50        0x0 /opt/st/stm32cubeide_1.8.0/plugins/com.st.stm32cube.ide.mcu.externaltools.gnu-tools-for-stm32.9-2020-q2-update.linux64_2.0.0.202105311346/tools/bin/../lib/gcc/arm-none-eabi/9.3.1/thumb/v7e-m+dp/hard/crtbegin.o

.ARM.extab
 *(.ARM.extab* .gnu.linkonce.armextab.*)

.ARM            0x0000000008007b50        0x0
                0x0000000008007b50                __exidx_start = .
 *(.ARM.exidx*)
                0x0000000008007b50                __exidx_end = .

.preinit_array  0x0000000008007b50        0x0
                0x0000000008007b50                PROVIDE (__preinit_array_start = .)
 *(.preinit_array*)
                0x0000000008007b50                PROVIDE (__preinit_array_end = .)

.init_array     0x0000000008007b50        0x4
                0x0000000008007b50                PROVIDE (__init_array_start = .)
 *(SORT_BY_NAME(.init_array.*))
 *(.init_array*)
 .init_array    0x0000000008007b50        0x4 /opt/st/stm32cubeide_1.8.0/plugins/com.st.stm32cube.ide.mcu.externaltools.gnu-tools-for-stm32.9-2020-q2-update.linux64_2.0.0.202105311346/tools/bin/../lib/gcc/arm-none-eabi/9.3.1/thumb/v7e-m+dp/hard/crtbegin.o
                0x0000000008007b54                PROVIDE (__init_array_end = .)

.fini_array     0x0000000008007b54        0x4
                [!provide]                        PROVIDE (__fini_array_start = .)
 *(SORT_BY_NAME(.fini_array.*))
 *(.fini_array*)
 .fini_array    0x0000000008007b54        0x4 /opt/st/stm32cubeide_1.8.0/plugins/com.st.stm32cube.ide.mcu.externaltools.gnu-tools-for-stm32.9-2020-q2-update.linux64_2.0.0.202105311346/tools/bin/../lib/gcc/arm-none-eabi/9.3.1/thumb/v7e-m+dp/hard/crtbegin.o
                [!provide]                        PROVIDE (__fini_array_end = .)
                0x0000000008007b58                _sidata = LOADADDR (.data)

.data           0x0000000024000000       0x10 load address 0x0000000008007b58
                0x0000000024000000                . = ALIGN (0x4)
                0x0000000024000000                _sdata = .
 *(.data)
 *(.data*)
 .data.SystemCoreClock
                0x0000000024000000        0x4 ./Core/Src/system_stm32h7xx.o
                0x0000000024000000                SystemCoreClock
 .data.SystemD2Clock
                0x0000000024000004        0x4 ./Core/Src/system_stm32h7xx.o
                0x0000000024000004                SystemD2Clock
 .data.uwTickPrio
                0x0000000024000008        0x4 ./Drivers/STM32H7xx_HAL_Driver/Src/stm32h7xx_hal.o
                0x0000000024000008                uwTickPrio
 .data.uwTickFreq
                0x000000002400000c        0x1 ./Drivers/STM32H7xx_HAL_Driver/Src/stm32h7xx_hal.o
                0x000000002400000c                uwTickFreq
 *(.RamFunc)
 *(.RamFunc*)
                0x0000000024000010                . = ALIGN (0x4)
 *fill*         0x000000002400000d        0x3 
                0x0000000024000010                _edata = .

.igot.plt       0x0000000024000010        0x0 load address 0x0000000008007b68
 .igot.plt      0x0000000024000010        0x0 /opt/st/stm32cubeide_1.8.0/plugins/com.st.stm32cube.ide.mcu.externaltools.gnu-tools-for-stm32.9-2020-q2-update.linux64_2.0.0.202105311346/tools/bin/../lib/gcc/arm-none-eabi/9.3.1/thumb/v7e-m+dp/hard/crtbegin.o
                0x0000000024000010                . = ALIGN (0x4)

.bss            0x0000000024000010      0x164 load address 0x0000000008007b68
                0x0000000024000010                _sbss = .
                0x0000000024000010                __bss_start__ = _sbss
 *(.bss)
 .bss           0x0000000024000010       0x1c /opt/st/stm32cubeide_1.8.0/plugins/com.st.stm32cube.ide.mcu.externaltools.gnu-tools-for-stm32.9-2020-q2-update.linux64_2.0.0.202105311346/tools/bin/../lib/gcc/arm-none-eabi/9.3.1/thumb/v7e-m+dp/hard/crtbegin.o
 *(.bss*)
 *(COMMON)
 COMMON         0x000000002400002c      0x144 ./Core/Src/main.o
                0x000000002400002c                hadc1
                0x000000002400009c                hspi1
                0x0000000024000124                htim2
 COMMON         0x0000000024000170        0x4 ./Drivers/STM32H7xx_HAL_Driver/Src/stm32h7xx_hal.o
                0x0000000024000170                uwTick
                0x0000000024000174                . = ALIGN (0x4)
                0x0000000024000174                _ebss = .
                0x0000000024000174                __bss_end__ = _ebss

._user_heap_stack
                0x0000000024000174      0x604 load address 0x0000000008007b68
                0x0000000024000178                . = ALIGN (0x8)
 *fill*         0x0000000024000174        0x4 
                [!provide]                        PROVIDE (end = .)
                0x0000000024000178                PROVIDE (_end = .)
                0x0000000024000378                . = (. + _Min_Heap_Size)
 *fill*         0x0000000024000178      0x200 
                0x0000000024000778                . = (. + _Min_Stack_Size)
 *fill*         0x0000000024000378      0x400 
                0x0000000024000778                . = ALIGN (0x8)

/DISCARD/
 libc.a(*)
 libm.a(*)
 libgcc.a(*)

.ARM.attributes
                0x0000000000000000       0x2e
 *(.ARM.attributes)
 .ARM.attributes
                0x0000000000000000       0x1e /opt/st/stm32cubeide_1.8.0/plugins/com.st.stm32cube.ide.mcu.externaltools.gnu-tools-for-stm32.9-2020-q2-update.linux64_2.0.0.202105311346/tools/bin/../lib/gcc/arm-none-eabi/9.3.1/thumb/v7e-m+dp/hard/crti.o
 .ARM.attributes
                0x000000000000001e       0x32 /opt/st/stm32cubeide_1.8.0/plugins/com.st.stm32cube.ide.mcu.externaltools.gnu-tools-for-stm32.9-2020-q2-update.linux64_2.0.0.202105311346/tools/bin/../lib/gcc/arm-none-eabi/9.3.1/thumb/v7e-m+dp/hard/crtbegin.o
 .ARM.attributes
                0x0000000000000050       0x32 ./Core/Src/main.o
 .ARM.attributes
                0x0000000000000082       0x32 ./Core/Src/stm32h7xx_hal_msp.o
 .ARM.attributes
                0x00000000000000b4       0x32 ./Core/Src/stm32h7xx_it.o
 .ARM.attributes
                0x00000000000000e6       0x32 ./Core/Src/system_stm32h7xx.o
 .ARM.attributes
                0x0000000000000118       0x21 ./Core/Startup/startup_stm32h723zgtx.o
 .ARM.attributes
                0x0000000000000139       0x32 ./Drivers/STM32H7xx_HAL_Driver/Src/stm32h7xx_hal.o
 .ARM.attributes
                0x000000000000016b       0x32 ./Drivers/STM32H7xx_HAL_Driver/Src/stm32h7xx_hal_adc.o
 .ARM.attributes
                0x000000000000019d       0x32 ./Drivers/STM32H7xx_HAL_Driver/Src/stm32h7xx_hal_adc_ex.o
 .ARM.attributes
                0x00000000000001cf       0x32 ./Drivers/STM32H7xx_HAL_Driver/Src/stm32h7xx_hal_cortex.o
 .ARM.attributes
                0x0000000000000201       0x32 ./Drivers/STM32H7xx_HAL_Driver/Src/stm32h7xx_hal_gpio.o
 .ARM.attributes
                0x0000000000000233       0x32 ./Drivers/STM32H7xx_HAL_Driver/Src/stm32h7xx_hal_pwr_ex.o
 .ARM.attributes
                0x0000000000000265       0x32 ./Drivers/STM32H7xx_HAL_Driver/Src/stm32h7xx_hal_rcc.o
 .ARM.attributes
                0x0000000000000297       0x32 ./Drivers/STM32H7xx_HAL_Driver/Src/stm32h7xx_hal_rcc_ex.o
 .ARM.attributes
                0x00000000000002c9       0x32 ./Drivers/STM32H7xx_HAL_Driver/Src/stm32h7xx_hal_spi.o
 .ARM.attributes
                0x00000000000002fb       0x32 ./Drivers/STM32H7xx_HAL_Driver/Src/stm32h7xx_hal_tim.o
 .ARM.attributes
                0x000000000000032d       0x32 ./Drivers/STM32H7xx_HAL_Driver/Src/stm32h7xx_hal_tim_ex.o
 .ARM.attributes
                0x000000000000035f       0x32 /opt/st/stm32cubeide_1.8.0/plugins/com.st.stm32cube.ide.mcu.externaltools.gnu-tools-for-stm32.9-2020-q2-update.linux64_2.0.0.202105311346/tools/bin/../lib/gcc/arm-none-eabi/9.3.1/../../../../arm-none-eabi/lib/thumb/v7e-m+dp/hard/libc_nano.a(lib_a-init.o)
 .ARM.attributes
                0x0000000000000391       0x32 /opt/st/stm32cubeide_1.8.0/plugins/com.st.stm32cube.ide.mcu.externaltools.gnu-tools-for-stm32.9-2020-q2-update.linux64_2.0.0.202105311346/tools/bin/../lib/gcc/arm-none-eabi/9.3.1/../../../../arm-none-eabi/lib/thumb/v7e-m+dp/hard/libc_nano.a(lib_a-memset.o)
 .ARM.attributes
                0x00000000000003c3       0x1e /opt/st/stm32cubeide_1.8.0/plugins/com.st.stm32cube.ide.mcu.externaltools.gnu-tools-for-stm32.9-2020-q2-update.linux64_2.0.0.202105311346/tools/bin/../lib/gcc/arm-none-eabi/9.3.1/thumb/v7e-m+dp/hard/crtn.o
OUTPUT(adc_to_spi.elf elf32-littlearm)
LOAD linker stubs
LOAD /opt/st/stm32cubeide_1.8.0/plugins/com.st.stm32cube.ide.mcu.externaltools.gnu-tools-for-stm32.9-2020-q2-update.linux64_2.0.0.202105311346/tools/bin/../lib/gcc/arm-none-eabi/9.3.1/../../../../arm-none-eabi/lib/thumb/v7e-m+dp/hard/libc.a
LOAD /opt/st/stm32cubeide_1.8.0/plugins/com.st.stm32cube.ide.mcu.externaltools.gnu-tools-for-stm32.9-2020-q2-update.linux64_2.0.0.202105311346/tools/bin/../lib/gcc/arm-none-eabi/9.3.1/../../../../arm-none-eabi/lib/thumb/v7e-m+dp/hard/libm.a
LOAD /opt/st/stm32cubeide_1.8.0/plugins/com.st.stm32cube.ide.mcu.externaltools.gnu-tools-for-stm32.9-2020-q2-update.linux64_2.0.0.202105311346/tools/bin/../lib/gcc/arm-none-eabi/9.3.1/thumb/v7e-m+dp/hard/libgcc.a

.debug_info     0x0000000000000000    0x1e56a
 .debug_info    0x0000000000000000     0x25ac ./Core/Src/main.o
 .debug_info    0x00000000000025ac     0x243c ./Core/Src/stm32h7xx_hal_msp.o
 .debug_info    0x00000000000049e8      0xbe2 ./Core/Src/stm32h7xx_it.o
 .debug_info    0x00000000000055ca     0x1586 ./Core/Src/system_stm32h7xx.o
 .debug_info    0x0000000000006b50       0x22 ./Core/Startup/startup_stm32h723zgtx.o
 .debug_info    0x0000000000006b72     0x20cd ./Drivers/STM32H7xx_HAL_Driver/Src/stm32h7xx_hal.o
 .debug_info    0x0000000000008c3f     0x2ed6 ./Drivers/STM32H7xx_HAL_Driver/Src/stm32h7xx_hal_adc.o
 .debug_info    0x000000000000bb15     0x2eb9 ./Drivers/STM32H7xx_HAL_Driver/Src/stm32h7xx_hal_adc_ex.o
 .debug_info    0x000000000000e9ce     0x1bc8 ./Drivers/STM32H7xx_HAL_Driver/Src/stm32h7xx_hal_cortex.o
 .debug_info    0x0000000000010596     0x17ce ./Drivers/STM32H7xx_HAL_Driver/Src/stm32h7xx_hal_gpio.o
 .debug_info    0x0000000000011d64     0x18da ./Drivers/STM32H7xx_HAL_Driver/Src/stm32h7xx_hal_pwr_ex.o
 .debug_info    0x000000000001363e     0x1837 ./Drivers/STM32H7xx_HAL_Driver/Src/stm32h7xx_hal_rcc.o
 .debug_info    0x0000000000014e75     0x1ca6 ./Drivers/STM32H7xx_HAL_Driver/Src/stm32h7xx_hal_rcc_ex.o
 .debug_info    0x0000000000016b1b     0x1fa0 ./Drivers/STM32H7xx_HAL_Driver/Src/stm32h7xx_hal_spi.o
 .debug_info    0x0000000000018abb     0x37a3 ./Drivers/STM32H7xx_HAL_Driver/Src/stm32h7xx_hal_tim.o
 .debug_info    0x000000000001c25e     0x230c ./Drivers/STM32H7xx_HAL_Driver/Src/stm32h7xx_hal_tim_ex.o

.debug_abbrev   0x0000000000000000     0x2d86
 .debug_abbrev  0x0000000000000000      0x30a ./Core/Src/main.o
 .debug_abbrev  0x000000000000030a      0x2df ./Core/Src/stm32h7xx_hal_msp.o
 .debug_abbrev  0x00000000000005e9      0x1ef ./Core/Src/stm32h7xx_it.o
 .debug_abbrev  0x00000000000007d8      0x251 ./Core/Src/system_stm32h7xx.o
 .debug_abbrev  0x0000000000000a29       0x12 ./Core/Startup/startup_stm32h723zgtx.o
 .debug_abbrev  0x0000000000000a3b      0x324 ./Drivers/STM32H7xx_HAL_Driver/Src/stm32h7xx_hal.o
 .debug_abbrev  0x0000000000000d5f      0x34f ./Drivers/STM32H7xx_HAL_Driver/Src/stm32h7xx_hal_adc.o
 .debug_abbrev  0x00000000000010ae      0x38a ./Drivers/STM32H7xx_HAL_Driver/Src/stm32h7xx_hal_adc_ex.o
 .debug_abbrev  0x0000000000001438      0x409 ./Drivers/STM32H7xx_HAL_Driver/Src/stm32h7xx_hal_cortex.o
 .debug_abbrev  0x0000000000001841      0x2cb ./Drivers/STM32H7xx_HAL_Driver/Src/stm32h7xx_hal_gpio.o
 .debug_abbrev  0x0000000000001b0c      0x33f ./Drivers/STM32H7xx_HAL_Driver/Src/stm32h7xx_hal_pwr_ex.o
 .debug_abbrev  0x0000000000001e4b      0x311 ./Drivers/STM32H7xx_HAL_Driver/Src/stm32h7xx_hal_rcc.o
 .debug_abbrev  0x000000000000215c      0x31d ./Drivers/STM32H7xx_HAL_Driver/Src/stm32h7xx_hal_rcc_ex.o
 .debug_abbrev  0x0000000000002479      0x313 ./Drivers/STM32H7xx_HAL_Driver/Src/stm32h7xx_hal_spi.o
 .debug_abbrev  0x000000000000278c      0x2f9 ./Drivers/STM32H7xx_HAL_Driver/Src/stm32h7xx_hal_tim.o
 .debug_abbrev  0x0000000000002a85      0x301 ./Drivers/STM32H7xx_HAL_Driver/Src/stm32h7xx_hal_tim_ex.o

.debug_aranges  0x0000000000000000     0x12c8
 .debug_aranges
                0x0000000000000000       0x50 ./Core/Src/main.o
 .debug_aranges
                0x0000000000000050       0x58 ./Core/Src/stm32h7xx_hal_msp.o
 .debug_aranges
                0x00000000000000a8       0x60 ./Core/Src/stm32h7xx_it.o
 .debug_aranges
                0x0000000000000108       0x28 ./Core/Src/system_stm32h7xx.o
 .debug_aranges
                0x0000000000000130       0x28 ./Core/Startup/startup_stm32h723zgtx.o
 .debug_aranges
                0x0000000000000158      0x1c8 ./Drivers/STM32H7xx_HAL_Driver/Src/stm32h7xx_hal.o
 .debug_aranges
                0x0000000000000320      0x260 ./Drivers/STM32H7xx_HAL_Driver/Src/stm32h7xx_hal_adc.o
 .debug_aranges
                0x0000000000000580      0x1f0 ./Drivers/STM32H7xx_HAL_Driver/Src/stm32h7xx_hal_adc_ex.o
 .debug_aranges
                0x0000000000000770      0x120 ./Drivers/STM32H7xx_HAL_Driver/Src/stm32h7xx_hal_cortex.o
 .debug_aranges
                0x0000000000000890       0x58 ./Drivers/STM32H7xx_HAL_Driver/Src/stm32h7xx_hal_gpio.o
 .debug_aranges
                0x00000000000008e8      0x148 ./Drivers/STM32H7xx_HAL_Driver/Src/stm32h7xx_hal_pwr_ex.o
 .debug_aranges
                0x0000000000000a30       0x88 ./Drivers/STM32H7xx_HAL_Driver/Src/stm32h7xx_hal_rcc.o
 .debug_aranges
                0x0000000000000ab8       0xf8 ./Drivers/STM32H7xx_HAL_Driver/Src/stm32h7xx_hal_rcc_ex.o
 .debug_aranges
                0x0000000000000bb0      0x1a0 ./Drivers/STM32H7xx_HAL_Driver/Src/stm32h7xx_hal_spi.o
 .debug_aranges
                0x0000000000000d50      0x3e0 ./Drivers/STM32H7xx_HAL_Driver/Src/stm32h7xx_hal_tim.o
 .debug_aranges
                0x0000000000001130      0x198 ./Drivers/STM32H7xx_HAL_Driver/Src/stm32h7xx_hal_tim_ex.o

.debug_ranges   0x0000000000000000     0x11d0
 .debug_ranges  0x0000000000000000       0x40 ./Core/Src/main.o
 .debug_ranges  0x0000000000000040       0x48 ./Core/Src/stm32h7xx_hal_msp.o
 .debug_ranges  0x0000000000000088       0x50 ./Core/Src/stm32h7xx_it.o
 .debug_ranges  0x00000000000000d8       0x18 ./Core/Src/system_stm32h7xx.o
 .debug_ranges  0x00000000000000f0       0x20 ./Core/Startup/startup_stm32h723zgtx.o
 .debug_ranges  0x0000000000000110      0x1b8 ./Drivers/STM32H7xx_HAL_Driver/Src/stm32h7xx_hal.o
 .debug_ranges  0x00000000000002c8      0x250 ./Drivers/STM32H7xx_HAL_Driver/Src/stm32h7xx_hal_adc.o
 .debug_ranges  0x0000000000000518      0x1e0 ./Drivers/STM32H7xx_HAL_Driver/Src/stm32h7xx_hal_adc_ex.o
 .debug_ranges  0x00000000000006f8      0x110 ./Drivers/STM32H7xx_HAL_Driver/Src/stm32h7xx_hal_cortex.o
 .debug_ranges  0x0000000000000808       0x48 ./Drivers/STM32H7xx_HAL_Driver/Src/stm32h7xx_hal_gpio.o
 .debug_ranges  0x0000000000000850      0x138 ./Drivers/STM32H7xx_HAL_Driver/Src/stm32h7xx_hal_pwr_ex.o
 .debug_ranges  0x0000000000000988       0x78 ./Drivers/STM32H7xx_HAL_Driver/Src/stm32h7xx_hal_rcc.o
 .debug_ranges  0x0000000000000a00       0xe8 ./Drivers/STM32H7xx_HAL_Driver/Src/stm32h7xx_hal_rcc_ex.o
 .debug_ranges  0x0000000000000ae8      0x190 ./Drivers/STM32H7xx_HAL_Driver/Src/stm32h7xx_hal_spi.o
 .debug_ranges  0x0000000000000c78      0x3d0 ./Drivers/STM32H7xx_HAL_Driver/Src/stm32h7xx_hal_tim.o
 .debug_ranges  0x0000000000001048      0x188 ./Drivers/STM32H7xx_HAL_Driver/Src/stm32h7xx_hal_tim_ex.o

.debug_macro    0x0000000000000000    0x342b4
 .debug_macro   0x0000000000000000      0x2db ./Core/Src/main.o
 .debug_macro   0x00000000000002db      0xac0 ./Core/Src/main.o
 .debug_macro   0x0000000000000d9b      0x23e ./Core/Src/main.o
 .debug_macro   0x0000000000000fd9       0x2e ./Core/Src/main.o
 .debug_macro   0x0000000000001007       0x3b ./Core/Src/main.o
 .debug_macro   0x0000000000001042       0x22 ./Core/Src/main.o
 .debug_macro   0x0000000000001064       0x8e ./Core/Src/main.o
 .debug_macro   0x00000000000010f2       0x51 ./Core/Src/main.o
 .debug_macro   0x0000000000001143      0x103 ./Core/Src/main.o
 .debug_macro   0x0000000000001246       0x6a ./Core/Src/main.o
 .debug_macro   0x00000000000012b0      0x1df ./Core/Src/main.o
 .debug_macro   0x000000000000148f       0x1c ./Core/Src/main.o
 .debug_macro   0x00000000000014ab       0x22 ./Core/Src/main.o
 .debug_macro   0x00000000000014cd      0x101 ./Core/Src/main.o
 .debug_macro   0x00000000000015ce     0x1305 ./Core/Src/main.o
 .debug_macro   0x00000000000028d3      0x11f ./Core/Src/main.o
 .debug_macro   0x00000000000029f2       0x27 ./Core/Src/main.o
 .debug_macro   0x0000000000002a19    0x211bc ./Core/Src/main.o
 .debug_macro   0x0000000000023bd5       0x6d ./Core/Src/main.o
 .debug_macro   0x0000000000023c42     0x3d09 ./Core/Src/main.o
 .debug_macro   0x000000000002794b      0x174 ./Core/Src/main.o
 .debug_macro   0x0000000000027abf       0x52 ./Core/Src/main.o
 .debug_macro   0x0000000000027b11       0x17 ./Core/Src/main.o
 .debug_macro   0x0000000000027b28       0x3c ./Core/Src/main.o
 .debug_macro   0x0000000000027b64       0x34 ./Core/Src/main.o
 .debug_macro   0x0000000000027b98       0x16 ./Core/Src/main.o
 .debug_macro   0x0000000000027bae       0x43 ./Core/Src/main.o
 .debug_macro   0x0000000000027bf1       0x34 ./Core/Src/main.o
 .debug_macro   0x0000000000027c25       0x10 ./Core/Src/main.o
 .debug_macro   0x0000000000027c35       0x58 ./Core/Src/main.o
 .debug_macro   0x0000000000027c8d       0x71 ./Core/Src/main.o
 .debug_macro   0x0000000000027cfe       0x1c ./Core/Src/main.o
 .debug_macro   0x0000000000027d1a      0x12a ./Core/Src/main.o
 .debug_macro   0x0000000000027e44      0x333 ./Core/Src/main.o
 .debug_macro   0x0000000000028177      0x1a9 ./Core/Src/main.o
 .debug_macro   0x0000000000028320       0x5d ./Core/Src/main.o
 .debug_macro   0x000000000002837d     0x2462 ./Core/Src/main.o
 .debug_macro   0x000000000002a7df     0x104f ./Core/Src/main.o
 .debug_macro   0x000000000002b82e      0x14d ./Core/Src/main.o
 .debug_macro   0x000000000002b97b      0x114 ./Core/Src/main.o
 .debug_macro   0x000000000002ba8f      0x3f8 ./Core/Src/main.o
 .debug_macro   0x000000000002be87       0xac ./Core/Src/main.o
 .debug_macro   0x000000000002bf33      0x788 ./Core/Src/main.o
 .debug_macro   0x000000000002c6bb      0x228 ./Core/Src/main.o
 .debug_macro   0x000000000002c8e3       0x66 ./Core/Src/main.o
 .debug_macro   0x000000000002c949      0x3a6 ./Core/Src/main.o
 .debug_macro   0x000000000002ccef      0x3f9 ./Core/Src/main.o
 .debug_macro   0x000000000002d0e8      0x275 ./Core/Src/main.o
 .debug_macro   0x000000000002d35d     0x116a ./Core/Src/main.o
 .debug_macro   0x000000000002e4c7      0x7c1 ./Core/Src/main.o
 .debug_macro   0x000000000002ec88      0x398 ./Core/Src/main.o
 .debug_macro   0x000000000002f020      0x3ca ./Core/Src/main.o
 .debug_macro   0x000000000002f3ea      0x45c ./Core/Src/main.o
 .debug_macro   0x000000000002f846       0x3c ./Core/Src/main.o
 .debug_macro   0x000000000002f882       0x4a ./Core/Src/main.o
 .debug_macro   0x000000000002f8cc      0x22c ./Core/Src/main.o
 .debug_macro   0x000000000002faf8       0x67 ./Core/Src/main.o
 .debug_macro   0x000000000002fb5f       0xa5 ./Core/Src/main.o
 .debug_macro   0x000000000002fc04      0x1c4 ./Core/Src/main.o
 .debug_macro   0x000000000002fdc8      0x22a ./Core/Src/main.o
 .debug_macro   0x000000000002fff2       0x35 ./Core/Src/main.o
 .debug_macro   0x0000000000030027      0x5e4 ./Core/Src/main.o
 .debug_macro   0x000000000003060b       0x9e ./Core/Src/main.o
 .debug_macro   0x00000000000306a9      0xb01 ./Core/Src/main.o
 .debug_macro   0x00000000000311aa      0x29f ./Core/Src/main.o
 .debug_macro   0x0000000000031449      0x5e6 ./Core/Src/main.o
 .debug_macro   0x0000000000031a2f      0x2db ./Core/Src/stm32h7xx_hal_msp.o
 .debug_macro   0x0000000000031d0a      0x2e5 ./Core/Src/stm32h7xx_it.o
 .debug_macro   0x0000000000031fef      0x2d1 ./Core/Src/system_stm32h7xx.o
 .debug_macro   0x00000000000322c0      0x2fb ./Drivers/STM32H7xx_HAL_Driver/Src/stm32h7xx_hal.o
 .debug_macro   0x00000000000325bb      0x2fc ./Drivers/STM32H7xx_HAL_Driver/Src/stm32h7xx_hal_adc.o
 .debug_macro   0x00000000000328b7      0x2dd ./Drivers/STM32H7xx_HAL_Driver/Src/stm32h7xx_hal_adc_ex.o
 .debug_macro   0x0000000000032b94      0x2d1 ./Drivers/STM32H7xx_HAL_Driver/Src/stm32h7xx_hal_cortex.o
 .debug_macro   0x0000000000032e65      0x2d8 ./Drivers/STM32H7xx_HAL_Driver/Src/stm32h7xx_hal_gpio.o
 .debug_macro   0x000000000003313d      0x30a ./Drivers/STM32H7xx_HAL_Driver/Src/stm32h7xx_hal_pwr_ex.o
 .debug_macro   0x0000000000033447      0x2f5 ./Drivers/STM32H7xx_HAL_Driver/Src/stm32h7xx_hal_rcc.o
 .debug_macro   0x000000000003373c      0x2ef ./Drivers/STM32H7xx_HAL_Driver/Src/stm32h7xx_hal_rcc_ex.o
 .debug_macro   0x0000000000033a2b      0x2e0 ./Drivers/STM32H7xx_HAL_Driver/Src/stm32h7xx_hal_spi.o
 .debug_macro   0x0000000000033d0b      0x2d2 ./Drivers/STM32H7xx_HAL_Driver/Src/stm32h7xx_hal_tim.o
 .debug_macro   0x0000000000033fdd      0x2d7 ./Drivers/STM32H7xx_HAL_Driver/Src/stm32h7xx_hal_tim_ex.o

.debug_line     0x0000000000000000    0x15713
 .debug_line    0x0000000000000000      0xadc ./Core/Src/main.o
 .debug_line    0x0000000000000adc      0x9b4 ./Core/Src/stm32h7xx_hal_msp.o
 .debug_line    0x0000000000001490      0x934 ./Core/Src/stm32h7xx_it.o
 .debug_line    0x0000000000001dc4      0xa19 ./Core/Src/system_stm32h7xx.o
 .debug_line    0x00000000000027dd       0x88 ./Core/Startup/startup_stm32h723zgtx.o
 .debug_line    0x0000000000002865      0xeb0 ./Drivers/STM32H7xx_HAL_Driver/Src/stm32h7xx_hal.o
 .debug_line    0x0000000000003715     0x2753 ./Drivers/STM32H7xx_HAL_Driver/Src/stm32h7xx_hal_adc.o
 .debug_line    0x0000000000005e68     0x21f3 ./Drivers/STM32H7xx_HAL_Driver/Src/stm32h7xx_hal_adc_ex.o
 .debug_line    0x000000000000805b      0xe25 ./Drivers/STM32H7xx_HAL_Driver/Src/stm32h7xx_hal_cortex.o
 .debug_line    0x0000000000008e80      0xcce ./Drivers/STM32H7xx_HAL_Driver/Src/stm32h7xx_hal_gpio.o
 .debug_line    0x0000000000009b4e      0xe94 ./Drivers/STM32H7xx_HAL_Driver/Src/stm32h7xx_hal_pwr_ex.o
 .debug_line    0x000000000000a9e2     0x12f0 ./Drivers/STM32H7xx_HAL_Driver/Src/stm32h7xx_hal_rcc.o
 .debug_line    0x000000000000bcd2     0x1a5e ./Drivers/STM32H7xx_HAL_Driver/Src/stm32h7xx_hal_rcc_ex.o
 .debug_line    0x000000000000d730     0x2158 ./Drivers/STM32H7xx_HAL_Driver/Src/stm32h7xx_hal_spi.o
 .debug_line    0x000000000000f888     0x3f69 ./Drivers/STM32H7xx_HAL_Driver/Src/stm32h7xx_hal_tim.o
 .debug_line    0x00000000000137f1     0x1f22 ./Drivers/STM32H7xx_HAL_Driver/Src/stm32h7xx_hal_tim_ex.o

.debug_str      0x0000000000000000   0x15dd7b
 .debug_str     0x0000000000000000   0x1584db ./Core/Src/main.o
                                     0x158df4 (size before relaxing)
 .debug_str     0x00000000001584db      0x39b ./Core/Src/stm32h7xx_hal_msp.o
                                     0x158d92 (size before relaxing)
 .debug_str     0x0000000000158876       0xbd ./Core/Src/stm32h7xx_it.o
                                     0x157bcb (size before relaxing)
 .debug_str     0x0000000000158933      0x275 ./Core/Src/system_stm32h7xx.o
                                     0x157fc4 (size before relaxing)
 .debug_str     0x0000000000158ba8       0x36 ./Core/Startup/startup_stm32h723zgtx.o
                                         0x72 (size before relaxing)
 .debug_str     0x0000000000158bde     0x105c ./Drivers/STM32H7xx_HAL_Driver/Src/stm32h7xx_hal.o
                                     0x158f66 (size before relaxing)
 .debug_str     0x0000000000159c3a      0xbd7 ./Drivers/STM32H7xx_HAL_Driver/Src/stm32h7xx_hal_adc.o
                                     0x158f1c (size before relaxing)
 .debug_str     0x000000000015a811      0x8ac ./Drivers/STM32H7xx_HAL_Driver/Src/stm32h7xx_hal_adc_ex.o
                                     0x158ed7 (size before relaxing)
 .debug_str     0x000000000015b0bd      0x398 ./Drivers/STM32H7xx_HAL_Driver/Src/stm32h7xx_hal_cortex.o
                                     0x15894d (size before relaxing)
 .debug_str     0x000000000015b455      0x12f ./Drivers/STM32H7xx_HAL_Driver/Src/stm32h7xx_hal_gpio.o
                                     0x158050 (size before relaxing)
 .debug_str     0x000000000015b584      0x5d3 ./Drivers/STM32H7xx_HAL_Driver/Src/stm32h7xx_hal_pwr_ex.o
                                     0x158426 (size before relaxing)
 .debug_str     0x000000000015bb57      0x26c ./Drivers/STM32H7xx_HAL_Driver/Src/stm32h7xx_hal_rcc.o
                                     0x158360 (size before relaxing)
 .debug_str     0x000000000015bdc3      0x665 ./Drivers/STM32H7xx_HAL_Driver/Src/stm32h7xx_hal_rcc_ex.o
                                     0x15883c (size before relaxing)
 .debug_str     0x000000000015c428      0x542 ./Drivers/STM32H7xx_HAL_Driver/Src/stm32h7xx_hal_spi.o
                                     0x1586a2 (size before relaxing)
 .debug_str     0x000000000015c96a      0xda7 ./Drivers/STM32H7xx_HAL_Driver/Src/stm32h7xx_hal_tim.o
                                     0x1590e8 (size before relaxing)
 .debug_str     0x000000000015d711      0x66a ./Drivers/STM32H7xx_HAL_Driver/Src/stm32h7xx_hal_tim_ex.o
                                     0x158a47 (size before relaxing)

.comment        0x0000000000000000       0x53
 .comment       0x0000000000000000       0x53 ./Core/Src/main.o
                                         0x54 (size before relaxing)
 .comment       0x0000000000000053       0x54 ./Core/Src/stm32h7xx_hal_msp.o
 .comment       0x0000000000000053       0x54 ./Core/Src/stm32h7xx_it.o
 .comment       0x0000000000000053       0x54 ./Core/Src/system_stm32h7xx.o
 .comment       0x0000000000000053       0x54 ./Drivers/STM32H7xx_HAL_Driver/Src/stm32h7xx_hal.o
 .comment       0x0000000000000053       0x54 ./Drivers/STM32H7xx_HAL_Driver/Src/stm32h7xx_hal_adc.o
 .comment       0x0000000000000053       0x54 ./Drivers/STM32H7xx_HAL_Driver/Src/stm32h7xx_hal_adc_ex.o
 .comment       0x0000000000000053       0x54 ./Drivers/STM32H7xx_HAL_Driver/Src/stm32h7xx_hal_cortex.o
 .comment       0x0000000000000053       0x54 ./Drivers/STM32H7xx_HAL_Driver/Src/stm32h7xx_hal_gpio.o
 .comment       0x0000000000000053       0x54 ./Drivers/STM32H7xx_HAL_Driver/Src/stm32h7xx_hal_pwr_ex.o
 .comment       0x0000000000000053       0x54 ./Drivers/STM32H7xx_HAL_Driver/Src/stm32h7xx_hal_rcc.o
 .comment       0x0000000000000053       0x54 ./Drivers/STM32H7xx_HAL_Driver/Src/stm32h7xx_hal_rcc_ex.o
 .comment       0x0000000000000053       0x54 ./Drivers/STM32H7xx_HAL_Driver/Src/stm32h7xx_hal_spi.o
 .comment       0x0000000000000053       0x54 ./Drivers/STM32H7xx_HAL_Driver/Src/stm32h7xx_hal_tim.o
 .comment       0x0000000000000053       0x54 ./Drivers/STM32H7xx_HAL_Driver/Src/stm32h7xx_hal_tim_ex.o

.debug_frame    0x0000000000000000     0x5170
 .debug_frame   0x0000000000000000       0xf4 ./Core/Src/main.o
 .debug_frame   0x00000000000000f4      0x144 ./Core/Src/stm32h7xx_hal_msp.o
 .debug_frame   0x0000000000000238      0x104 ./Core/Src/stm32h7xx_it.o
 .debug_frame   0x000000000000033c       0x58 ./Core/Src/system_stm32h7xx.o
 .debug_frame   0x0000000000000394      0x760 ./Drivers/STM32H7xx_HAL_Driver/Src/stm32h7xx_hal.o
 .debug_frame   0x0000000000000af4      0xb40 ./Drivers/STM32H7xx_HAL_Driver/Src/stm32h7xx_hal_adc.o
 .debug_frame   0x0000000000001634      0x904 ./Drivers/STM32H7xx_HAL_Driver/Src/stm32h7xx_hal_adc_ex.o
 .debug_frame   0x0000000000001f38      0x4b8 ./Drivers/STM32H7xx_HAL_Driver/Src/stm32h7xx_hal_cortex.o
 .debug_frame   0x00000000000023f0      0x14c ./Drivers/STM32H7xx_HAL_Driver/Src/stm32h7xx_hal_gpio.o
 .debug_frame   0x000000000000253c      0x540 ./Drivers/STM32H7xx_HAL_Driver/Src/stm32h7xx_hal_pwr_ex.o
 .debug_frame   0x0000000000002a7c      0x1fc ./Drivers/STM32H7xx_HAL_Driver/Src/stm32h7xx_hal_rcc.o
 .debug_frame   0x0000000000002c78      0x3f4 ./Drivers/STM32H7xx_HAL_Driver/Src/stm32h7xx_hal_rcc_ex.o
 .debug_frame   0x000000000000306c      0x778 ./Drivers/STM32H7xx_HAL_Driver/Src/stm32h7xx_hal_spi.o
 .debug_frame   0x00000000000037e4     0x121c ./Drivers/STM32H7xx_HAL_Driver/Src/stm32h7xx_hal_tim.o
 .debug_frame   0x0000000000004a00      0x724 ./Drivers/STM32H7xx_HAL_Driver/Src/stm32h7xx_hal_tim_ex.o
 .debug_frame   0x0000000000005124       0x2c /opt/st/stm32cubeide_1.8.0/plugins/com.st.stm32cube.ide.mcu.externaltools.gnu-tools-for-stm32.9-2020-q2-update.linux64_2.0.0.202105311346/tools/bin/../lib/gcc/arm-none-eabi/9.3.1/../../../../arm-none-eabi/lib/thumb/v7e-m+dp/hard/libc_nano.a(lib_a-init.o)
 .debug_frame   0x0000000000005150       0x20 /opt/st/stm32cubeide_1.8.0/plugins/com.st.stm32cube.ide.mcu.externaltools.gnu-tools-for-stm32.9-2020-q2-update.linux64_2.0.0.202105311346/tools/bin/../lib/gcc/arm-none-eabi/9.3.1/../../../../arm-none-eabi/lib/thumb/v7e-m+dp/hard/libc_nano.a(lib_a-memset.o)
